≡ƒÜÇ Starting Normalization Test...

node : file:///D:/UserM
ngmt/src/utils/normaliz
eEmployee.js:353
At line:1 char:1
+ node src/utils/test-n
ormalization.js 2>&1 | 
Out-File -FilePath 
"test_ ...
+ ~~~~~~~~~~~~~~~~~~~~~
~~~~~~~~~~~~~~~~~~~~
    + CategoryInfo     
         : NotSpecifi  
  ed: (file:///D:/Us   
 er...Employee.js:3    
53:String) [], Rem    
oteException
    + FullyQualifiedEr 
   rorId : NativeComm  
  andError
 
        identityProofs,
        ^

ReferenceError: 
identityProofs is not 
defined
    at 
normalizeEmployee (file
:///D:/UserMngmt/src/ut
ils/normalizeEmployee.j
s:353:9)
    at file:///D:/UserM
ngmt/src/utils/test-nor
malization.js:64:16
    at ModuleJob.run (n
ode:internal/modules/es
m/module_job:413:25)
    at async onImport.t
racePromise.__proto__ (
node:internal/modules/e
sm/loader:660:26)
    at async asyncRunEn
tryPointWithESMLoader (
node:internal/modules/r
un_main:101:5)

Node.js v24.12.0
